[standalone-teavm] requestedOptimization=FULL effectiveOptimization=FULL dependencyAnalysis=precise strict=true obfuscated=true
INFO: Running TeaVM
[standalone-teavm] phase=DEPENDENCY_ANALYSIS workItems=0
EAGLER_UNSUPPORTED_STRIP java.util.Date.toString (removed @UnsupportedOn)
[standalone-teavm] progress=8052/0
[standalone-teavm] phase=COMPILING workItems=1000
[standalone-teavm] progress=0/1000
[standalone-teavm] progress=100/1000
[standalone-teavm] progress=200/1000
[standalone-teavm] progress=300/1000
[standalone-teavm] progress=400/1000
[standalone-teavm] progress=500/1000
[standalone-teavm] progress=600/1000
[standalone-teavm] progress=700/1000
[standalone-teavm] progress=800/1000
EAGLER_WASMGC_PHANTOM_ROOT java.nio.ShortBuffer classReader=false parent=n/a
EAGLER_WASMGC_PHANTOM_ROOT java.nio.LongBuffer classReader=false parent=n/a
EAGLER_WASMGC_PHANTOM_ROOT java.nio.DoubleBuffer classReader=false parent=n/a
EAGLER_WASMGC_PHANTOM_ROOT java.time.OffsetDateTime classReader=false parent=n/a
EAGLER_WASMGC_PHANTOM_ROOT net.minecraft.server.level.ServerEntity classReader=false parent=n/a
EAGLER_WASMGC_PHANTOM_ROOT net.minecraft.util.debug.DebugValueSource$Registration classReader=false parent=n/a
EAGLER_WASMGC_PHANTOM_ROOT org.teavm.platform.PlatformClass classReader=false parent=n/a
EAGLER_WASMGC_PHANTOM_ROOT org.teavm.platform.PlatformObject classReader=false parent=n/a
EAGLER_WASMGC_PHANTOM_ROOT java.lang.annotation.RetentionPolicy classReader=false parent=n/a
EAGLER_WASMGC_PHANTOM_ROOT java.lang.annotation.ElementType classReader=false parent=n/a
EAGLER_WASMGC_PHANTOM_ROOT java.io.ObjectOutput classReader=false parent=n/a
EAGLER_WASMGC_PHANTOM_ROOT java.io.ObjectInput classReader=false parent=n/a
EAGLER_WASMGC_PHANTOM_ROOT java.io.ObjectOutputStream classReader=false parent=n/a
EAGLER_WASMGC_PHANTOM_ROOT com.google.common.collect.DiscreteDomain classReader=false parent=n/a
EAGLER_WASMGC_PHANTOM_ROOT net.minecraft.world.level.levelgen.structure.templatesystem.StructureTemplate$StructureBlockInfo classReader=false parent=n/a
EAGLER_WASMGC_PHANTOM_ROOT net.minecraft.world.level.chunk.ChunkGeneratorStructureState classReader=false parent=n/a
EAGLER_WASMGC_PHANTOM_ROOT net.minecraft.world.level.biome.Climate$TargetPoint classReader=false parent=n/a
EAGLER_WASMGC_PHANTOM_ROOT net.minecraft.world.level.levelgen.DensityFunction$FunctionContext classReader=false parent=n/a
EAGLER_WASMGC_PHANTOM_ROOT net.minecraft.world.level.levelgen.DensityFunction$ContextProvider classReader=false parent=n/a
EAGLER_WASMGC_PHANTOM_ROOT net.minecraft.world.level.levelgen.DensityFunction$Visitor classReader=false parent=n/a
EAGLER_WASMGC_PHANTOM_ROOT org.joml.Matrix4x3fc classReader=false parent=n/a
EAGLER_WASMGC_PHANTOM_ROOT org.joml.Matrix4dc classReader=false parent=n/a
EAGLER_WASMGC_PHANTOM_ROOT org.joml.AxisAngle4d classReader=false parent=n/a
EAGLER_WASMGC_PHANTOM_ROOT org.joml.Quaterniondc classReader=false parent=n/a
EAGLER_WASMGC_PHANTOM_ROOT org.joml.Matrix4x3f classReader=false parent=n/a
EAGLER_WASMGC_PHANTOM_ROOT org.joml.Matrix4d classReader=false parent=n/a
EAGLER_WASMGC_PHANTOM_ROOT org.joml.Matrix3d classReader=false parent=n/a
EAGLER_WASMGC_PHANTOM_ROOT org.joml.Quaterniond classReader=false parent=n/a
EAGLER_WASMGC_PHANTOM_ROOT it.unimi.dsi.fastutil.ints.IntUnaryOperator classReader=false parent=n/a
EAGLER_WASMGC_PHANTOM_ROOT java.nio.file.WatchKey classReader=false parent=n/a
EAGLER_WASMGC_PHANTOM_ROOT java.nio.file.WatchService classReader=false parent=n/a
EAGLER_WASMGC_PHANTOM_ROOT java.nio.file.WatchEvent$Kind classReader=false parent=n/a
EAGLER_WASMGC_PHANTOM_ROOT java.nio.file.WatchEvent$Modifier classReader=false parent=n/a
EAGLER_WASMGC_PHANTOM_ROOT org.joml.Matrix3dc classReader=false parent=n/a
EAGLER_WASMGC_PHANTOM_ROOT it.unimi.dsi.fastutil.floats.FloatPredicate classReader=false parent=n/a
EAGLER_WASMGC_PHANTOM_ROOT java.util.LongSummaryStatistics classReader=false parent=n/a
EAGLER_WASMGC_PHANTOM_ROOT it.unimi.dsi.fastutil.objects.Reference2ByteFunction classReader=false parent=n/a
EAGLER_WASMGC_PHANTOM_ROOT it.unimi.dsi.fastutil.bytes.Byte2ObjectFunction classReader=false parent=n/a
EAGLER_WASMGC_PHANTOM_ROOT it.unimi.dsi.fastutil.bytes.Byte2ReferenceFunction classReader=false parent=n/a
EAGLER_WASMGC_PHANTOM_ROOT it.unimi.dsi.fastutil.objects.Reference2ShortFunction classReader=false parent=n/a
EAGLER_WASMGC_PHANTOM_ROOT it.unimi.dsi.fastutil.objects.Object2ShortFunction classReader=false parent=n/a
EAGLER_WASMGC_PHANTOM_ROOT it.unimi.dsi.fastutil.shorts.Short2ObjectFunction classReader=false parent=n/a
EAGLER_WASMGC_PHANTOM_ROOT it.unimi.dsi.fastutil.shorts.Short2ReferenceFunction classReader=false parent=n/a
EAGLER_WASMGC_PHANTOM_ROOT it.unimi.dsi.fastutil.ints.Int2ReferenceFunction classReader=false parent=n/a
EAGLER_WASMGC_PHANTOM_ROOT it.unimi.dsi.fastutil.objects.Reference2LongFunction classReader=false parent=n/a
EAGLER_WASMGC_PHANTOM_ROOT it.unimi.dsi.fastutil.longs.Long2ReferenceFunction classReader=false parent=n/a
EAGLER_WASMGC_PHANTOM_ROOT it.unimi.dsi.fastutil.objects.Reference2CharFunction classReader=false parent=n/a
EAGLER_WASMGC_PHANTOM_ROOT it.unimi.dsi.fastutil.objects.Object2CharFunction classReader=false parent=n/a
EAGLER_WASMGC_PHANTOM_ROOT it.unimi.dsi.fastutil.chars.Char2ObjectFunction classReader=false parent=n/a
EAGLER_WASMGC_PHANTOM_ROOT it.unimi.dsi.fastutil.chars.Char2ReferenceFunction classReader=false parent=n/a
EAGLER_WASMGC_PHANTOM_ROOT it.unimi.dsi.fastutil.floats.Float2ObjectFunction classReader=false parent=n/a
EAGLER_WASMGC_PHANTOM_ROOT it.unimi.dsi.fastutil.floats.Float2ReferenceFunction classReader=false parent=n/a
EAGLER_WASMGC_PHANTOM_ROOT it.unimi.dsi.fastutil.objects.Object2DoubleFunction classReader=false parent=n/a
EAGLER_WASMGC_PHANTOM_ROOT it.unimi.dsi.fastutil.doubles.Double2ObjectFunction classReader=false parent=n/a
EAGLER_WASMGC_PHANTOM_ROOT it.unimi.dsi.fastutil.doubles.Double2ReferenceFunction classReader=false parent=n/a
EAGLER_WASMGC_PHANTOM_ROOT it.unimi.dsi.fastutil.objects.Object2ReferenceFunction classReader=false parent=n/a
EAGLER_WASMGC_PHANTOM_ROOT it.unimi.dsi.fastutil.objects.Reference2ReferenceFunction classReader=false parent=n/a
EAGLER_WASMGC_PHANTOM_ROOT java.util.stream.IntStream$IntMapMultiConsumer classReader=false parent=n/a
EAGLER_WASMGC_PHANTOM_ROOT java.util.stream.LongStream$LongMapMultiConsumer classReader=false parent=n/a
EAGLER_WASMGC_PHANTOM_ROOT it.unimi.dsi.fastutil.ints.Int2ByteFunction classReader=false parent=n/a
EAGLER_WASMGC_PHANTOM_ROOT it.unimi.dsi.fastutil.bytes.Byte2IntFunction classReader=false parent=n/a
EAGLER_WASMGC_PHANTOM_ROOT it.unimi.dsi.fastutil.ints.Int2ShortFunction classReader=false parent=n/a
EAGLER_WASMGC_PHANTOM_ROOT it.unimi.dsi.fastutil.shorts.Short2IntFunction classReader=false parent=n/a
EAGLER_WASMGC_PHANTOM_ROOT it.unimi.dsi.fastutil.ints.Int2CharFunction classReader=false parent=n/a
EAGLER_WASMGC_PHANTOM_ROOT it.unimi.dsi.fastutil.chars.Char2IntFunction classReader=false parent=n/a
EAGLER_WASMGC_PHANTOM_ROOT it.unimi.dsi.fastutil.ints.Int2FloatFunction classReader=false parent=n/a
EAGLER_WASMGC_PHANTOM_ROOT it.unimi.dsi.fastutil.floats.Float2IntFunction classReader=false parent=n/a
EAGLER_WASMGC_PHANTOM_ROOT it.unimi.dsi.fastutil.doubles.Double2IntFunction classReader=false parent=n/a
EAGLER_WASMGC_PHANTOM_ROOT net.minecraft.client.multiplayer.chat.report.ReportEnvironment classReader=false parent=n/a
EAGLER_WASMGC_PHANTOM_ROOT net.minecraft.client.multiplayer.chat.report.ReportingContext classReader=false parent=n/a
EAGLER_WASMGC_PHANTOM_ROOT it.unimi.dsi.fastutil.ints.IntObjectBiConsumer classReader=false parent=n/a
EAGLER_WASMGC_PHANTOM_ROOT net.minecraft.core.dispenser.BlockSource classReader=false parent=n/a
EAGLER_WASMGC_PHANTOM_ROOT org.joml.Vector2d classReader=false parent=n/a
EAGLER_WASMGC_PHANTOM_ROOT org.joml.Vector4dc classReader=false parent=n/a
EAGLER_WASMGC_PHANTOM_ROOT org.joml.Vector4ic classReader=false parent=n/a
EAGLER_WASMGC_PHANTOM_ROOT org.joml.Vector2dc classReader=false parent=n/a
EAGLER_WASMGC_PHANTOM_ROOT org.joml.Matrix3x2dc classReader=false parent=n/a
EAGLER_WASMGC_PHANTOM_ROOT org.joml.Matrix4x3dc classReader=false parent=n/a
EAGLER_WASMGC_PHANTOM_ROOT org.joml.Matrix4x3d classReader=false parent=n/a
EAGLER_WASMGC_PHANTOM_ROOT org.joml.Vector4d classReader=false parent=n/a
EAGLER_WASMGC_PHANTOM_ROOT java.time.chrono.Era classReader=false parent=n/a
EAGLER_WASMGC_PHANTOM_ROOT java.time.OffsetTime classReader=false parent=n/a
EAGLER_WASMGC_PHANTOM_ROOT com.google.common.collect.ImmutableEnumMap$1 classReader=false parent=n/a
EAGLER_WASMGC_PHANTOM_ROOT org.json.JSONPointer classReader=false parent=n/a
EAGLER_WASMGC_PHANTOM_ROOT com.google.common.collect.BoundType classReader=false parent=n/a
EAGLER_WASMGC_PHANTOM_ROOT net.minecraft.world.level.levelgen.carver.CarvingContext classReader=false parent=n/a
EAGLER_WASMGC_PHANTOM_ROOT net.minecraft.world.level.chunk.CarvingMask classReader=false parent=n/a
EAGLER_WASMGC_PHANTOM_ROOT net.minecraft.world.level.levelgen.carver.WorldCarver$CarveSkipChecker classReader=false parent=n/a
EAGLER_WASMGC_PHANTOM_ROOT net.minecraft.world.level.levelgen.structure.pieces.StructurePieceSerializationContext classReader=false parent=n/a
EAGLER_WASMGC_PHANTOM_ROOT com.mojang.serialization.Decoder$Terminal classReader=false parent=n/a
EAGLER_WASMGC_PHANTOM_ROOT com.mojang.serialization.Decoder$Boxed classReader=false parent=n/a
EAGLER_WASMGC_PHANTOM_ROOT com.mojang.serialization.Decoder$Simple classReader=false parent=n/a
EAGLER_WASMGC_PHANTOM_ROOT com.google.common.collect.ImmutableSetMultimap classReader=false parent=n/a
EAGLER_WASMGC_PHANTOM_ROOT it.unimi.dsi.fastutil.bytes.Byte2LongFunction classReader=false parent=n/a
EAGLER_WASMGC_PHANTOM_ROOT it.unimi.dsi.fastutil.longs.Long2ShortFunction classReader=false parent=n/a
EAGLER_WASMGC_PHANTOM_ROOT it.unimi.dsi.fastutil.shorts.Short2LongFunction classReader=false parent=n/a
EAGLER_WASMGC_PHANTOM_ROOT it.unimi.dsi.fastutil.longs.Long2CharFunction classReader=false parent=n/a
EAGLER_WASMGC_PHANTOM_ROOT it.unimi.dsi.fastutil.chars.Char2LongFunction classReader=false parent=n/a
EAGLER_WASMGC_PHANTOM_ROOT it.unimi.dsi.fastutil.floats.Float2LongFunction classReader=false parent=n/a
EAGLER_WASMGC_PHANTOM_ROOT it.unimi.dsi.fastutil.longs.Long2DoubleFunction classReader=false parent=n/a
EAGLER_WASMGC_PHANTOM_ROOT it.unimi.dsi.fastutil.doubles.Double2LongFunction classReader=false parent=n/a
EAGLER_WASMGC_PHANTOM_ROOT com.google.common.base.Equivalence$Wrapper classReader=false parent=n/a
EAGLER_WASMGC_PHANTOM_ROOT it.unimi.dsi.fastutil.doubles.DoubleUnaryOperator classReader=false parent=n/a
EAGLER_WASMGC_PHANTOM_ROOT it.unimi.dsi.fastutil.doubles.DoublePredicate classReader=false parent=n/a
EAGLER_WASMGC_PHANTOM_ROOT it.unimi.dsi.fastutil.doubles.DoubleConsumer classReader=false parent=n/a
EAGLER_WASMGC_PHANTOM_ROOT net.minecraft.world.level.material.FlowingFluid$SpreadContext classReader=false parent=n/a
EAGLER_WASMGC_PHANTOM_ROOT net.minecraft.world.entity.player.Player$BedSleepingProblem classReader=false parent=n/a
EAGLER_WASMGC_PHANTOM_ROOT net.minecraft.world.level.levelgen.blending.Blender classReader=false parent=n/a
EAGLER_WASMGC_PHANTOM_ROOT net.minecraft.world.level.levelgen.NoiseChunk classReader=false parent=n/a
EAGLER_WASMGC_PHANTOM_ROOT net.minecraft.world.level.NoiseColumn classReader=false parent=n/a
EAGLER_WASMGC_PHANTOM_ROOT net.minecraft.world.level.levelgen.structure.Structure$GenerationContext classReader=false parent=n/a
EAGLER_WASMGC_PHANTOM_ROOT net.minecraft.world.level.levelgen.structure.pieces.StructurePiecesBuilder classReader=false parent=n/a
EAGLER_WASMGC_PHANTOM_ROOT net.minecraft.world.level.ClipBlockStateContext classReader=false parent=n/a
EAGLER_WASMGC_PHANTOM_ROOT net.minecraft.world.item.crafting.PlacementInfo classReader=false parent=n/a
EAGLER_WASMGC_PHANTOM_ROOT net.minecraft.server.jsonrpc.methods.IpBanlistService$IpBan classReader=false parent=n/a
EAGLER_WASMGC_PHANTOM_ROOT net.minecraft.server.jsonrpc.methods.BanlistService$UserBan classReader=false parent=n/a
EAGLER_WASMGC_PHANTOM_ROOT net.minecraft.world.level.biome.Climate$DistanceMetric classReader=false parent=n/a
EAGLER_WASMGC_PHANTOM_ROOT io.netty.util.concurrent.ProgressivePromise classReader=false parent=n/a
EAGLER_WASMGC_PHANTOM_ROOT it.unimi.dsi.fastutil.longs.LongPredicate classReader=false parent=n/a
EAGLER_WASMGC_PHANTOM_ROOT it.unimi.dsi.fastutil.booleans.Boolean2ByteFunction classReader=false parent=n/a
EAGLER_WASMGC_PHANTOM_ROOT it.unimi.dsi.fastutil.bytes.Byte2BooleanFunction classReader=false parent=n/a
EAGLER_WASMGC_PHANTOM_ROOT it.unimi.dsi.fastutil.booleans.Boolean2ShortFunction classReader=false parent=n/a
EAGLER_WASMGC_PHANTOM_ROOT it.unimi.dsi.fastutil.shorts.Short2BooleanFunction classReader=false parent=n/a
EAGLER_WASMGC_PHANTOM_ROOT it.unimi.dsi.fastutil.booleans.Boolean2IntFunction classReader=false parent=n/a
EAGLER_WASMGC_PHANTOM_ROOT it.unimi.dsi.fastutil.ints.Int2BooleanFunction classReader=false parent=n/a
EAGLER_WASMGC_PHANTOM_ROOT it.unimi.dsi.fastutil.booleans.Boolean2LongFunction classReader=false parent=n/a
EAGLER_WASMGC_PHANTOM_ROOT it.unimi.dsi.fastutil.longs.Long2BooleanFunction classReader=false parent=n/a
EAGLER_WASMGC_PHANTOM_ROOT it.unimi.dsi.fastutil.booleans.Boolean2CharFunction classReader=false parent=n/a
EAGLER_WASMGC_PHANTOM_ROOT it.unimi.dsi.fastutil.chars.Char2BooleanFunction classReader=false parent=n/a
EAGLER_WASMGC_PHANTOM_ROOT it.unimi.dsi.fastutil.booleans.Boolean2FloatFunction classReader=false parent=n/a
EAGLER_WASMGC_PHANTOM_ROOT it.unimi.dsi.fastutil.floats.Float2BooleanFunction classReader=false parent=n/a
EAGLER_WASMGC_PHANTOM_ROOT it.unimi.dsi.fastutil.booleans.Boolean2DoubleFunction classReader=false parent=n/a
EAGLER_WASMGC_PHANTOM_ROOT it.unimi.dsi.fastutil.doubles.Double2BooleanFunction classReader=false parent=n/a
EAGLER_WASMGC_PHANTOM_ROOT it.unimi.dsi.fastutil.booleans.Boolean2ObjectFunction classReader=false parent=n/a
EAGLER_WASMGC_PHANTOM_ROOT it.unimi.dsi.fastutil.booleans.Boolean2ReferenceFunction classReader=false parent=n/a
EAGLER_WASMGC_PHANTOM_ROOT it.unimi.dsi.fastutil.objects.Reference2BooleanFunction classReader=false parent=n/a
EAGLER_WASMGC_PHANTOM_ROOT net.minecraft.world.level.storage.PlayerDataStorage classReader=false parent=n/a
EAGLER_WASMGC_PHANTOM_ROOT io.netty.channel.ChannelProgressivePromise classReader=false parent=n/a
EAGLER_WASMGC_PHANTOM_ROOT net.minecraft.world.level.levelgen.DensityFunctions$Spline$Point classReader=false parent=n/a
EAGLER_WASMGC_PHANTOM_ROOT net.minecraft.world.level.levelgen.WorldgenRandom$Algorithm classReader=false parent=n/a
EAGLER_WASMGC_PHANTOM_ROOT it.unimi.dsi.fastutil.longs.LongUnaryOperator classReader=false parent=n/a
EAGLER_WASMGC_PHANTOM_ROOT com.google.common.util.concurrent.AsyncFunction classReader=false parent=n/a
EAGLER_WASMGC_PHANTOM_ROOT com.google.common.util.concurrent.FutureCallback classReader=false parent=n/a
EAGLER_WASMGC_PHANTOM_ROOT net.lax1dude.eaglercraft.v1_8.internal.vfs2.VFSIterator2 classReader=false parent=n/a
EAGLER_WASMGC_PHANTOM_ROOT org.joml.Vector4i classReader=false parent=n/a
EAGLER_WASMGC_PHANTOM_ROOT org.joml.Vector2L classReader=false parent=n/a
EAGLER_WASMGC_PHANTOM_ROOT org.joml.Matrix2fc classReader=false parent=n/a
EAGLER_WASMGC_PHANTOM_ROOT org.joml.Matrix2dc classReader=false parent=n/a
EAGLER_WASMGC_PHANTOM_ROOT net.minecraft.server.jsonrpc.internalapi.MinecraftApi classReader=false parent=n/a
EAGLER_WASMGC_PHANTOM_ROOT net.minecraft.server.jsonrpc.methods.ClientInfo classReader=false parent=n/a
EAGLER_WASMGC_PHANTOM_ROOT java.nio.channels.GatheringByteChannel classReader=false parent=n/a
EAGLER_WASMGC_PHANTOM_ROOT java.nio.channels.ScatteringByteChannel classReader=false parent=n/a
EAGLER_WASMGC_PHANTOM_ROOT io.netty.channel.socket.InternetProtocolFamily classReader=false parent=n/a
EAGLER_WASMGC_PHANTOM_ROOT io.netty.channel.socket.SocketProtocolFamily classReader=false parent=n/a
EAGLER_WASMGC_PHANTOM_ROOT java.nio.channels.SocketChannel classReader=false parent=n/a
EAGLER_WASMGC_PHANTOM_ROOT io.netty.channel.socket.SocketChannelConfig classReader=false parent=n/a
EAGLER_WASMGC_PHANTOM_ROOT io.netty.channel.nio.AbstractNioChannel$AbstractNioUnsafe classReader=false parent=n/a
EAGLER_WASMGC_PHANTOM_ROOT io.netty.channel.epoll.LinuxSocket classReader=false parent=n/a
EAGLER_WASMGC_PHANTOM_ROOT io.netty.channel.epoll.EpollTcpInfo classReader=false parent=n/a
EAGLER_WASMGC_PHANTOM_ROOT io.netty.channel.epoll.EpollSocketChannelConfig classReader=false parent=n/a
EAGLER_WASMGC_PHANTOM_ROOT io.netty.channel.epoll.EpollChannelConfig classReader=false parent=n/a
EAGLER_WASMGC_PHANTOM_ROOT io.netty.channel.kqueue.BsdSocket classReader=false parent=n/a
EAGLER_WASMGC_PHANTOM_ROOT io.netty.channel.kqueue.KQueueSocketChannelConfig classReader=false parent=n/a
EAGLER_WASMGC_PHANTOM_ROOT io.netty.channel.kqueue.KQueueChannelConfig classReader=false parent=n/a
EAGLER_WASMGC_PHANTOM_ROOT com.google.common.reflect.TypeParameter classReader=false parent=n/a
EAGLER_WASMGC_PHANTOM_ROOT io.netty.util.internal.IntegerHolder classReader=false parent=n/a
EAGLER_WASMGC_PHANTOM_ROOT it.unimi.dsi.fastutil.bytes.ByteBinaryOperator classReader=false parent=n/a
EAGLER_WASMGC_PHANTOM_ROOT it.unimi.dsi.fastutil.floats.FloatBinaryOperator classReader=false parent=n/a
EAGLER_WASMGC_PHANTOM_ROOT net.minecraft.world.level.chunk.status.WorldGenContext classReader=false parent=n/a
EAGLER_WASMGC_PHANTOM_ROOT net.minecraft.util.StaticCache2D classReader=false parent=n/a
EAGLER_WASMGC_PHANTOM_ROOT it.unimi.dsi.fastutil.bytes.BytePredicate classReader=false parent=n/a
EAGLER_WASMGC_PHANTOM_ROOT io.netty.buffer.SwappedByteBuf classReader=false parent=n/a
EAGLER_WASMGC_PHANTOM_ROOT it.unimi.dsi.fastutil.objects.ObjectByteBiConsumer classReader=false parent=n/a
EAGLER_WASMGC_PHANTOM_ROOT it.unimi.dsi.fastutil.longs.LongFloatBiConsumer classReader=false parent=n/a
EAGLER_WASMGC_PHANTOM_ROOT it.unimi.dsi.fastutil.bytes.ByteUnaryOperator classReader=false parent=n/a
EAGLER_WASMGC_PHANTOM_ROOT it.unimi.dsi.fastutil.bytes.Byte2ByteFunction classReader=false parent=n/a
EAGLER_WASMGC_PHANTOM_ROOT it.unimi.dsi.fastutil.bytes.Byte2ShortFunction classReader=false parent=n/a
EAGLER_WASMGC_PHANTOM_ROOT it.unimi.dsi.fastutil.shorts.Short2ByteFunction classReader=false parent=n/a
EAGLER_WASMGC_PHANTOM_ROOT it.unimi.dsi.fastutil.bytes.Byte2CharFunction classReader=false parent=n/a
EAGLER_WASMGC_PHANTOM_ROOT it.unimi.dsi.fastutil.chars.Char2ByteFunction classReader=false parent=n/a
EAGLER_WASMGC_PHANTOM_ROOT it.unimi.dsi.fastutil.bytes.Byte2FloatFunction classReader=false parent=n/a
EAGLER_WASMGC_PHANTOM_ROOT it.unimi.dsi.fastutil.floats.Float2ByteFunction classReader=false parent=n/a
EAGLER_WASMGC_PHANTOM_ROOT it.unimi.dsi.fastutil.bytes.Byte2DoubleFunction classReader=false parent=n/a
EAGLER_WASMGC_PHANTOM_ROOT it.unimi.dsi.fastutil.doubles.Double2ByteFunction classReader=false parent=n/a
EAGLER_WASMGC_PHANTOM_ROOT it.unimi.dsi.fastutil.floats.Float2ShortFunction classReader=false parent=n/a
EAGLER_WASMGC_PHANTOM_ROOT it.unimi.dsi.fastutil.shorts.Short2FloatFunction classReader=false parent=n/a
EAGLER_WASMGC_PHANTOM_ROOT it.unimi.dsi.fastutil.floats.Float2CharFunction classReader=false parent=n/a
EAGLER_WASMGC_PHANTOM_ROOT it.unimi.dsi.fastutil.chars.Char2FloatFunction classReader=false parent=n/a
EAGLER_WASMGC_PHANTOM_ROOT it.unimi.dsi.fastutil.floats.Float2DoubleFunction classReader=false parent=n/a
EAGLER_WASMGC_PHANTOM_ROOT it.unimi.dsi.fastutil.doubles.Double2FloatFunction classReader=false parent=n/a
EAGLER_WASMGC_PHANTOM_ROOT net.minecraft.client.renderer.block.dispatch.VariantMutator classReader=false parent=n/a
EAGLER_WASMGC_PHANTOM_ROOT it.unimi.dsi.fastutil.booleans.BooleanComparator classReader=false parent=n/a
EAGLER_WASMGC_PHANTOM_ROOT net.minecraft.world.item.crafting.RecipeManager$ServerDisplayInfo classReader=false parent=n/a
EAGLER_WASMGC_PHANTOM_ROOT net.minecraft.world.entity.raid.Raid$RaiderType classReader=false parent=n/a
EAGLER_WASMGC_PHANTOM_ROOT com.mojang.datafixers.optics.Procompose classReader=false parent=n/a
EAGLER_WASMGC_PHANTOM_ROOT com.mojang.datafixers.optics.profunctors.FunctorProfunctor classReader=false parent=n/a
EAGLER_WASMGC_PHANTOM_ROOT com.google.common.hash.Funnel classReader=false parent=n/a
EAGLER_WASMGC_PHANTOM_ROOT com.mojang.brigadier.context.ContextChain$Stage classReader=false parent=n/a
EAGLER_WASMGC_PHANTOM_ROOT io.netty.util.internal.shaded.org.jctools.queues.MessagePassingQueue$Consumer classReader=false parent=n/a
EAGLER_WASMGC_PHANTOM_ROOT io.netty.util.internal.shaded.org.jctools.queues.MessagePassingQueue$WaitStrategy classReader=false parent=n/a
EAGLER_WASMGC_PHANTOM_ROOT io.netty.util.internal.shaded.org.jctools.queues.MessagePassingQueue$ExitCondition classReader=false parent=n/a
EAGLER_WASMGC_PHANTOM_ROOT java.nio.file.attribute.UserPrincipalLookupService classReader=false parent=n/a
EAGLER_WASMGC_PHANTOM_ROOT net.minecraft.commands.execution.ExecutionContext classReader=false parent=n/a
EAGLER_WASMGC_PHANTOM_ROOT net.minecraft.commands.execution.Frame classReader=false parent=n/a
EAGLER_WASMGC_PHANTOM_ROOT net.minecraft.commands.execution.EntryAction classReader=false parent=n/a
EAGLER_WASMGC_PHANTOM_ROOT net.minecraft.commands.execution.ChainModifiers classReader=false parent=n/a
EAGLER_WASMGC_PHANTOM_ROOT it.unimi.dsi.fastutil.objects.ObjectFloatBiConsumer classReader=false parent=n/a
EAGLER_WASMGC_PHANTOM_ROOT it.unimi.dsi.fastutil.shorts.ShortPredicate classReader=false parent=n/a
EAGLER_WASMGC_PHANTOM_ROOT it.unimi.dsi.fastutil.shorts.ShortUnaryOperator classReader=false parent=n/a
EAGLER_WASMGC_PHANTOM_ROOT it.unimi.dsi.fastutil.shorts.ShortSet classReader=false parent=n/a
EAGLER_WASMGC_PHANTOM_ROOT net.minecraft.world.entity.ai.village.poi.PoiRecord classReader=false parent=n/a
EAGLER_WASMGC_PHANTOM_ROOT net.minecraft.world.scores.PlayerTeam$Packed classReader=false parent=n/a
EAGLER_WASMGC_PHANTOM_ROOT net.minecraft.world.scores.Objective$Packed classReader=false parent=n/a
EAGLER_WASMGC_PHANTOM_ROOT net.minecraft.world.level.chunk.ProtoChunk classReader=false parent=n/a
EAGLER_WASMGC_PHANTOM_ROOT net.minecraft.world.level.chunk.ChunkAccess$PackedTicks classReader=false parent=n/a
EAGLER_WASMGC_PHANTOM_ROOT net.minecraft.world.level.levelgen.BelowZeroRetrogen classReader=false parent=n/a
EAGLER_WASMGC_PHANTOM_ROOT it.unimi.dsi.fastutil.longs.LongObjectBiConsumer classReader=false parent=n/a
EAGLER_WASMGC_PHANTOM_ROOT net.minecraft.world.scores.Score$Packed classReader=false parent=n/a
EAGLER_WASMGC_PHANTOM_ROOT com.google.common.collect.ImmutableEnumSet$1 classReader=false parent=n/a
EAGLER_WASMGC_PHANTOM_ROOT net.minecraft.world.level.gameevent.GameEventListenerRegistry$ListenerVisitor classReader=false parent=n/a
EAGLER_WASMGC_PHANTOM_ROOT net.minecraft.world.level.levelgen.structure.templatesystem.StructureTemplate$Palette classReader=false parent=n/a
EAGLER_WASMGC_PHANTOM_ROOT net.minecraft.world.level.gameevent.GameEventListener$DeliveryMode classReader=false parent=n/a
EAGLER_WASMGC_PHANTOM_ROOT net.minecraft.network.chat.OutgoingChatMessage classReader=false parent=n/a
EAGLER_WASMGC_PHANTOM_ROOT net.minecraft.stats.ServerRecipeBook$Packed classReader=false parent=n/a
EAGLER_WASMGC_PHANTOM_ROOT java.net.SocketTimeoutException classReader=false parent=n/a
EAGLER_WASMGC_PHANTOM_CATCH runtime-instanceof (non-native) for catch type java.net.SocketTimeoutException
EAGLER_SPLIT: SKIP net.minecraft.world.level.block.Blocks::<clinit> nodes=77451 stmts=4 (has 10 locals)
EAGLER_SPLIT: SKIP net.minecraft.world.item.Items::<clinit> nodes=52739 stmts=4 (has 14 locals)
EAGLER_SPLIT: SKIP net.minecraft.sounds.SoundEvents::<clinit> nodes=33844 stmts=4 (has 2 locals)
EAGLER_SPLIT: SPLIT @teavm.initReflection nodes=1002038 stmts=18334 -> 100 sub-functions
EAGLER_SPLIT: SKIP net.minecraft.world.entity.EntityTypes::<clinit> nodes=20451 stmts=4 (has 10 locals)
EAGLER_SPLIT: SKIP net.minecraft.client.animation.definitions.CopperGolemAnimation::<clinit> nodes=24543 stmts=4 (has 13 locals)
EAGLER_SPLIT: SKIP net.minecraft.util.datafix.fixes.BlockStateData::bootstrap3_1 nodes=53457 stmts=4 (has 8 locals)
EAGLER_SPLIT: SKIP net.minecraft.util.datafix.fixes.BlockStateData::bootstrap3_2 nodes=129242 stmts=4 (has 8 locals)
EAGLER_SPLIT: SKIP net.minecraft.util.datafix.fixes.BlockStateData::bootstrap6 nodes=20091 stmts=4 (has 9 locals)
EAGLER_SPLIT: SKIP net.minecraft.util.datafix.fixes.BlockStateData::bootstrap8 nodes=48954 stmts=4 (has 9 locals)
EAGLER_SPLIT: SKIP net.minecraft.util.datafix.fixes.BlockStateData::bootstrapA nodes=38198 stmts=4 (has 7 locals)
EAGLER_SPLIT: SKIP net.minecraft.util.datafix.fixes.BlockStateData::bootstrapC nodes=24576 stmts=4 (has 8 locals)
EAGLER_SPLIT: SPLIT teavm@initializer nodes=893047 stmts=256635 -> 89 sub-functions
INFO: Output file successfully built
INFO: Classes compiled: 34943
INFO: Methods compiled: 198838
