[standalone-teavm] requestedOptimization=ADVANCED effectiveOptimization=ADVANCED dependencyAnalysis=precise strict=true obfuscated=true
INFO: Running TeaVM
[standalone-teavm] phase=DEPENDENCY_ANALYSIS workItems=0
[standalone-teavm] progress=65/0
EAGLER_UNSUPPORTED_STRIP java.util.Date.toString (removed @UnsupportedOn)
[standalone-teavm] phase=COMPILING workItems=1000
[standalone-teavm] progress=0/1000
[standalone-teavm] progress=100/1000
[standalone-teavm] progress=200/1000
[standalone-teavm] progress=300/1000
[standalone-teavm] progress=400/1000
EAGLER_WASMGC_PHANTOM_ROOT java.time.OffsetDateTime classReader=false parent=n/a
EAGLER_WASMGC_PHANTOM_ROOT java.nio.ShortBuffer classReader=false parent=n/a
EAGLER_WASMGC_PHANTOM_ROOT java.nio.IntBuffer classReader=false parent=n/a
EAGLER_WASMGC_PHANTOM_ROOT java.nio.LongBuffer classReader=false parent=n/a
EAGLER_WASMGC_PHANTOM_ROOT java.nio.FloatBuffer classReader=false parent=n/a
EAGLER_WASMGC_PHANTOM_ROOT java.nio.DoubleBuffer classReader=false parent=n/a
EAGLER_WASMGC_PHANTOM_ROOT org.teavm.platform.PlatformClass classReader=false parent=n/a
EAGLER_WASMGC_PHANTOM_ROOT org.teavm.platform.PlatformObject classReader=false parent=n/a
EAGLER_WASMGC_PHANTOM_ROOT java.lang.Package classReader=false parent=n/a
EAGLER_WASMGC_PHANTOM_ROOT io.netty.channel.ChannelProgressivePromise classReader=false parent=n/a
EAGLER_WASMGC_PHANTOM_ROOT net.minecraft.world.level.chunk.storage.RegionFileVersion classReader=false parent=n/a
EAGLER_WASMGC_PHANTOM_ROOT java.lang.annotation.RetentionPolicy classReader=false parent=n/a
EAGLER_WASMGC_PHANTOM_ROOT java.lang.annotation.ElementType classReader=false parent=n/a
EAGLER_WASMGC_PHANTOM_ROOT net.minecraft.commands.arguments.AngleArgument$SingleAngle classReader=false parent=n/a
EAGLER_WASMGC_PHANTOM_ROOT net.minecraft.world.entity.monster.illager.AbstractIllager$IllagerArmPose classReader=false parent=n/a
EAGLER_WASMGC_PHANTOM_ROOT it.unimi.dsi.fastutil.shorts.ShortUnaryOperator classReader=false parent=n/a
EAGLER_WASMGC_PHANTOM_ROOT it.unimi.dsi.fastutil.shorts.ShortPredicate classReader=false parent=n/a
EAGLER_WASMGC_PHANTOM_ROOT net.minecraft.world.entity.Display$TextDisplay$LineSplitter classReader=false parent=n/a
EAGLER_WASMGC_PHANTOM_ROOT com.google.common.reflect.TypeParameter classReader=false parent=n/a
EAGLER_WASMGC_PHANTOM_ROOT it.unimi.dsi.fastutil.ints.IntUnaryOperator classReader=false parent=n/a
EAGLER_WASMGC_PHANTOM_ROOT java.util.stream.DoubleStream classReader=false parent=n/a
EAGLER_WASMGC_PHANTOM_ROOT java.util.stream.IntStream$IntMapMultiConsumer classReader=false parent=n/a
EAGLER_WASMGC_PHANTOM_ROOT java.util.function.LongBinaryOperator classReader=false parent=n/a
EAGLER_WASMGC_PHANTOM_ROOT net.minecraft.world.item.Item$TooltipContext classReader=false parent=n/a
EAGLER_WASMGC_PHANTOM_ROOT net.minecraft.world.item.TooltipFlag classReader=false parent=n/a
EAGLER_WASMGC_PHANTOM_ROOT net.minecraft.network.chat.FormattedText$StyledContentConsumer classReader=false parent=n/a
EAGLER_WASMGC_PHANTOM_ROOT net.minecraft.world.item.CreativeModeTab$ItemDisplayParameters classReader=false parent=n/a
EAGLER_WASMGC_PHANTOM_ROOT net.minecraft.client.Minecraft classReader=false parent=n/a
EAGLER_WASMGC_PHANTOM_ROOT java.io.ObjectOutputStream classReader=false parent=n/a
EAGLER_WASMGC_PHANTOM_ROOT it.unimi.dsi.fastutil.ints.IntObjectBiConsumer classReader=false parent=n/a
EAGLER_WASMGC_PHANTOM_ROOT com.google.common.collect.ImmutableEnumMap$1 classReader=false parent=n/a
EAGLER_WASMGC_PHANTOM_ROOT java.time.OffsetTime classReader=false parent=n/a
EAGLER_WASMGC_PHANTOM_ROOT org.joml.Vector3dc classReader=false parent=n/a
EAGLER_WASMGC_PHANTOM_ROOT org.joml.Vector2ic classReader=false parent=n/a
EAGLER_WASMGC_PHANTOM_ROOT org.joml.Vector2d classReader=false parent=n/a
EAGLER_WASMGC_PHANTOM_ROOT org.joml.Vector4dc classReader=false parent=n/a
EAGLER_WASMGC_PHANTOM_ROOT org.joml.Vector4ic classReader=false parent=n/a
EAGLER_WASMGC_PHANTOM_ROOT org.joml.Vector2dc classReader=false parent=n/a
EAGLER_WASMGC_PHANTOM_ROOT org.joml.Matrix4dc classReader=false parent=n/a
EAGLER_WASMGC_PHANTOM_ROOT org.joml.Matrix3dc classReader=false parent=n/a
EAGLER_WASMGC_PHANTOM_ROOT org.joml.Matrix3x2fc classReader=false parent=n/a
EAGLER_WASMGC_PHANTOM_ROOT org.joml.Matrix3x2dc classReader=false parent=n/a
EAGLER_WASMGC_PHANTOM_ROOT org.joml.Matrix4x3fc classReader=false parent=n/a
EAGLER_WASMGC_PHANTOM_ROOT org.joml.Matrix4x3dc classReader=false parent=n/a
EAGLER_WASMGC_PHANTOM_ROOT java.io.ObjectOutput classReader=false parent=n/a
EAGLER_WASMGC_PHANTOM_ROOT java.io.ObjectInput classReader=false parent=n/a
EAGLER_WASMGC_PHANTOM_ROOT org.joml.Vector3d classReader=false parent=n/a
EAGLER_WASMGC_PHANTOM_ROOT java.math.MathContext classReader=false parent=n/a
EAGLER_WASMGC_PHANTOM_ROOT java.time.chrono.Era classReader=false parent=n/a
EAGLER_WASMGC_PHANTOM_ROOT java.util.function.DoublePredicate classReader=false parent=n/a
EAGLER_WASMGC_PHANTOM_ROOT io.netty.util.internal.IntegerHolder classReader=false parent=n/a
EAGLER_WASMGC_PHANTOM_ROOT java.nio.channels.GatheringByteChannel classReader=false parent=n/a
EAGLER_WASMGC_PHANTOM_ROOT java.nio.channels.ScatteringByteChannel classReader=false parent=n/a
EAGLER_WASMGC_PHANTOM_ROOT io.netty.util.internal.shaded.org.jctools.queues.MessagePassingQueue$Consumer classReader=false parent=n/a
EAGLER_WASMGC_PHANTOM_ROOT io.netty.util.internal.shaded.org.jctools.queues.MessagePassingQueue$WaitStrategy classReader=false parent=n/a
EAGLER_WASMGC_PHANTOM_ROOT io.netty.util.internal.shaded.org.jctools.queues.MessagePassingQueue$ExitCondition classReader=false parent=n/a
EAGLER_WASMGC_PHANTOM_ROOT net.minecraft.world.level.block.Portal$Transition classReader=false parent=n/a
EAGLER_WASMGC_PHANTOM_ROOT net.minecraft.world.level.block.BonemealableBlock$Type classReader=false parent=n/a
EAGLER_WASMGC_PHANTOM_ROOT net.minecraft.world.level.block.PlainSignBlock$Attachment classReader=false parent=n/a
EAGLER_WASMGC_PHANTOM_ROOT net.minecraft.world.level.block.HangingSignBlock$Attachment classReader=false parent=n/a
EAGLER_WASMGC_PHANTOM_ROOT net.minecraft.util.worldupdate.UpgradeProgress classReader=false parent=n/a
EAGLER_WASMGC_PHANTOM_ROOT net.minecraft.server.packs.metadata.MetadataSectionType$WithValue classReader=false parent=n/a
EAGLER_WASMGC_PHANTOM_ROOT org.joml.Vector2i classReader=false parent=n/a
EAGLER_WASMGC_PHANTOM_ROOT org.joml.Vector2L classReader=false parent=n/a
EAGLER_WASMGC_PHANTOM_ROOT net.minecraft.gizmos.Gizmo classReader=false parent=n/a
EAGLER_WASMGC_PHANTOM_ROOT com.google.common.collect.BoundType classReader=false parent=n/a
EAGLER_WASMGC_PHANTOM_ROOT io.netty.buffer.SwappedByteBuf classReader=false parent=n/a
EAGLER_WASMGC_PHANTOM_ROOT net.minecraft.world.item.crafting.display.DisplayContentsFactory classReader=false parent=n/a
EAGLER_WASMGC_PHANTOM_ROOT com.google.common.collect.ImmutableEnumSet$1 classReader=false parent=n/a
EAGLER_WASMGC_PHANTOM_ROOT net.minecraft.server.jsonrpc.methods.IpBanlistService$IpBan classReader=false parent=n/a
EAGLER_WASMGC_PHANTOM_ROOT net.minecraft.server.jsonrpc.methods.BanlistService$UserBan classReader=false parent=n/a
EAGLER_WASMGC_PHANTOM_ROOT it.unimi.dsi.fastutil.objects.ObjectBooleanBiConsumer classReader=false parent=n/a
EAGLER_WASMGC_PHANTOM_ROOT it.unimi.dsi.fastutil.longs.LongLongBiConsumer classReader=false parent=n/a
EAGLER_WASMGC_PHANTOM_ROOT net.minecraft.world.level.border.BorderStatus classReader=false parent=n/a
EAGLER_WASMGC_PHANTOM_ROOT net.minecraft.network.protocol.game.ClientboundBossEventPacket$Handler classReader=false parent=n/a
EAGLER_WASMGC_PHANTOM_ROOT net.minecraft.network.protocol.game.ClientboundCommandsPacket$NodeBuilder classReader=false parent=n/a
EAGLER_WASMGC_PHANTOM_ROOT net.minecraft.world.waypoints.TrackedWaypointManager classReader=false parent=n/a
EAGLER_WASMGC_PHANTOM_ROOT net.minecraft.server.jsonrpc.internalapi.MinecraftApi classReader=false parent=n/a
EAGLER_WASMGC_PHANTOM_ROOT net.minecraft.server.jsonrpc.methods.ClientInfo classReader=false parent=n/a
EAGLER_WASMGC_PHANTOM_ROOT org.joml.AxisAngle4d classReader=false parent=n/a
EAGLER_WASMGC_PHANTOM_ROOT org.joml.Quaterniondc classReader=false parent=n/a
EAGLER_WASMGC_PHANTOM_ROOT org.joml.Quaterniond classReader=false parent=n/a
EAGLER_WASMGC_PHANTOM_ROOT org.joml.Matrix4d classReader=false parent=n/a
EAGLER_WASMGC_PHANTOM_ROOT org.joml.Matrix3d classReader=false parent=n/a
EAGLER_WASMGC_PHANTOM_ROOT it.unimi.dsi.fastutil.floats.FloatPredicate classReader=false parent=n/a
EAGLER_WASMGC_PHANTOM_ROOT org.joml.Matrix4x3f classReader=false parent=n/a
EAGLER_WASMGC_PHANTOM_ROOT org.joml.Matrix4x3d classReader=false parent=n/a
EAGLER_WASMGC_PHANTOM_ROOT org.joml.Vector4d classReader=false parent=n/a
EAGLER_WASMGC_PHANTOM_ROOT org.joml.Matrix2fc classReader=false parent=n/a
EAGLER_WASMGC_PHANTOM_ROOT org.joml.Matrix2dc classReader=false parent=n/a
EAGLER_WASMGC_PHANTOM_ROOT org.joml.Vector4i classReader=false parent=n/a
EAGLER_WASMGC_PHANTOM_ROOT it.unimi.dsi.fastutil.bytes.BytePredicate classReader=false parent=n/a
EAGLER_WASMGC_PHANTOM_ROOT net.minecraft.world.level.block.entity.BoundingBoxRenderable$Mode classReader=false parent=n/a
EAGLER_WASMGC_PHANTOM_ROOT net.minecraft.world.level.block.entity.BoundingBoxRenderable$RenderableBox classReader=false parent=n/a
EAGLER_WASMGC_PHANTOM_ROOT net.minecraft.world.waypoints.TrackedWaypoint$Camera classReader=false parent=n/a
EAGLER_WASMGC_PHANTOM_ROOT net.minecraft.world.waypoints.PartialTickSupplier classReader=false parent=n/a
EAGLER_WASMGC_PHANTOM_ROOT net.minecraft.world.waypoints.TrackedWaypoint$PitchDirection classReader=false parent=n/a
EAGLER_WASMGC_PHANTOM_ROOT net.minecraft.world.waypoints.TrackedWaypoint$Projector classReader=false parent=n/a
EAGLER_WASMGC_PHANTOM_ROOT com.mojang.datafixers.optics.Procompose classReader=false parent=n/a
EAGLER_WASMGC_PHANTOM_ROOT it.unimi.dsi.fastutil.longs.LongBooleanBiConsumer classReader=false parent=n/a
EAGLER_WASMGC_PHANTOM_ROOT io.netty.util.concurrent.ProgressivePromise classReader=false parent=n/a
EAGLER_WASMGC_PHANTOM_ROOT net.minecraft.server.level.progress.ChunkLoadStatusView classReader=false parent=n/a
EAGLER_WASMGC_PHANTOM_ROOT it.unimi.dsi.fastutil.ints.Int2ByteFunction classReader=false parent=n/a
EAGLER_WASMGC_PHANTOM_ROOT it.unimi.dsi.fastutil.bytes.Byte2IntFunction classReader=false parent=n/a
EAGLER_WASMGC_PHANTOM_ROOT it.unimi.dsi.fastutil.bytes.Byte2ObjectFunction classReader=false parent=n/a
EAGLER_WASMGC_PHANTOM_ROOT it.unimi.dsi.fastutil.objects.Object2ShortFunction classReader=false parent=n/a
EAGLER_WASMGC_PHANTOM_ROOT it.unimi.dsi.fastutil.ints.Int2ShortFunction classReader=false parent=n/a
EAGLER_WASMGC_PHANTOM_ROOT it.unimi.dsi.fastutil.shorts.Short2IntFunction classReader=false parent=n/a
EAGLER_WASMGC_PHANTOM_ROOT it.unimi.dsi.fastutil.objects.Object2CharFunction classReader=false parent=n/a
EAGLER_WASMGC_PHANTOM_ROOT it.unimi.dsi.fastutil.ints.Int2CharFunction classReader=false parent=n/a
EAGLER_WASMGC_PHANTOM_ROOT it.unimi.dsi.fastutil.chars.Char2IntFunction classReader=false parent=n/a
EAGLER_WASMGC_PHANTOM_ROOT it.unimi.dsi.fastutil.chars.Char2ObjectFunction classReader=false parent=n/a
EAGLER_WASMGC_PHANTOM_ROOT it.unimi.dsi.fastutil.ints.Int2FloatFunction classReader=false parent=n/a
EAGLER_WASMGC_PHANTOM_ROOT it.unimi.dsi.fastutil.floats.Float2IntFunction classReader=false parent=n/a
EAGLER_WASMGC_PHANTOM_ROOT it.unimi.dsi.fastutil.floats.Float2ObjectFunction classReader=false parent=n/a
EAGLER_WASMGC_PHANTOM_ROOT it.unimi.dsi.fastutil.objects.Object2DoubleFunction classReader=false parent=n/a
EAGLER_WASMGC_PHANTOM_ROOT it.unimi.dsi.fastutil.doubles.Double2IntFunction classReader=false parent=n/a
EAGLER_WASMGC_PHANTOM_ROOT it.unimi.dsi.fastutil.doubles.Double2ObjectFunction classReader=false parent=n/a
EAGLER_WASMGC_PHANTOM_ROOT it.unimi.dsi.fastutil.objects.Object2ReferenceFunction classReader=false parent=n/a
EAGLER_WASMGC_PHANTOM_ROOT it.unimi.dsi.fastutil.ints.Int2ReferenceFunction classReader=false parent=n/a
EAGLER_WASMGC_PHANTOM_ROOT com.google.common.collect.ImmutableSetMultimap classReader=false parent=n/a
EAGLER_WASMGC_PHANTOM_ROOT it.unimi.dsi.fastutil.objects.Reference2ByteFunction classReader=false parent=n/a
EAGLER_WASMGC_PHANTOM_ROOT it.unimi.dsi.fastutil.bytes.Byte2ReferenceFunction classReader=false parent=n/a
EAGLER_WASMGC_PHANTOM_ROOT it.unimi.dsi.fastutil.objects.Reference2ShortFunction classReader=false parent=n/a
EAGLER_WASMGC_PHANTOM_ROOT it.unimi.dsi.fastutil.shorts.Short2ReferenceFunction classReader=false parent=n/a
EAGLER_WASMGC_PHANTOM_ROOT it.unimi.dsi.fastutil.objects.Reference2LongFunction classReader=false parent=n/a
EAGLER_WASMGC_PHANTOM_ROOT it.unimi.dsi.fastutil.longs.Long2ReferenceFunction classReader=false parent=n/a
EAGLER_WASMGC_PHANTOM_ROOT it.unimi.dsi.fastutil.objects.Reference2CharFunction classReader=false parent=n/a
EAGLER_WASMGC_PHANTOM_ROOT it.unimi.dsi.fastutil.chars.Char2ReferenceFunction classReader=false parent=n/a
EAGLER_WASMGC_PHANTOM_ROOT it.unimi.dsi.fastutil.objects.Reference2FloatFunction classReader=false parent=n/a
EAGLER_WASMGC_PHANTOM_ROOT it.unimi.dsi.fastutil.floats.Float2ReferenceFunction classReader=false parent=n/a
EAGLER_WASMGC_PHANTOM_ROOT it.unimi.dsi.fastutil.objects.Reference2DoubleFunction classReader=false parent=n/a
EAGLER_WASMGC_PHANTOM_ROOT it.unimi.dsi.fastutil.doubles.Double2ReferenceFunction classReader=false parent=n/a
EAGLER_WASMGC_PHANTOM_ROOT it.unimi.dsi.fastutil.objects.Reference2ReferenceFunction classReader=false parent=n/a
EAGLER_WASMGC_PHANTOM_ROOT com.google.common.base.Equivalence$Wrapper classReader=false parent=n/a
EAGLER_WASMGC_PHANTOM_ROOT it.unimi.dsi.fastutil.doubles.DoubleUnaryOperator classReader=false parent=n/a
EAGLER_WASMGC_PHANTOM_ROOT java.nio.file.WatchKey classReader=false parent=n/a
EAGLER_WASMGC_PHANTOM_ROOT java.nio.file.WatchService classReader=false parent=n/a
EAGLER_WASMGC_PHANTOM_ROOT java.nio.file.WatchEvent$Kind classReader=false parent=n/a
EAGLER_WASMGC_PHANTOM_ROOT it.unimi.dsi.fastutil.bytes.Byte2LongFunction classReader=false parent=n/a
EAGLER_WASMGC_PHANTOM_ROOT it.unimi.dsi.fastutil.longs.Long2ShortFunction classReader=false parent=n/a
EAGLER_WASMGC_PHANTOM_ROOT it.unimi.dsi.fastutil.shorts.Short2LongFunction classReader=false parent=n/a
EAGLER_WASMGC_PHANTOM_ROOT it.unimi.dsi.fastutil.longs.Long2CharFunction classReader=false parent=n/a
EAGLER_WASMGC_PHANTOM_ROOT it.unimi.dsi.fastutil.chars.Char2LongFunction classReader=false parent=n/a
EAGLER_WASMGC_PHANTOM_ROOT it.unimi.dsi.fastutil.floats.Float2LongFunction classReader=false parent=n/a
EAGLER_WASMGC_PHANTOM_ROOT it.unimi.dsi.fastutil.longs.Long2DoubleFunction classReader=false parent=n/a
EAGLER_WASMGC_PHANTOM_ROOT it.unimi.dsi.fastutil.doubles.Double2LongFunction classReader=false parent=n/a
EAGLER_WASMGC_PHANTOM_ROOT it.unimi.dsi.fastutil.longs.LongUnaryOperator classReader=false parent=n/a
EAGLER_WASMGC_PHANTOM_ROOT it.unimi.dsi.fastutil.bytes.ByteBinaryOperator classReader=false parent=n/a
EAGLER_WASMGC_PHANTOM_ROOT it.unimi.dsi.fastutil.booleans.Boolean2ByteFunction classReader=false parent=n/a
EAGLER_WASMGC_PHANTOM_ROOT it.unimi.dsi.fastutil.bytes.Byte2BooleanFunction classReader=false parent=n/a
EAGLER_WASMGC_PHANTOM_ROOT it.unimi.dsi.fastutil.booleans.Boolean2ShortFunction classReader=false parent=n/a
EAGLER_WASMGC_PHANTOM_ROOT it.unimi.dsi.fastutil.booleans.Boolean2IntFunction classReader=false parent=n/a
EAGLER_WASMGC_PHANTOM_ROOT it.unimi.dsi.fastutil.ints.Int2BooleanFunction classReader=false parent=n/a
EAGLER_WASMGC_PHANTOM_ROOT it.unimi.dsi.fastutil.booleans.Boolean2LongFunction classReader=false parent=n/a
EAGLER_WASMGC_PHANTOM_ROOT it.unimi.dsi.fastutil.booleans.Boolean2CharFunction classReader=false parent=n/a
EAGLER_WASMGC_PHANTOM_ROOT it.unimi.dsi.fastutil.chars.Char2BooleanFunction classReader=false parent=n/a
EAGLER_WASMGC_PHANTOM_ROOT it.unimi.dsi.fastutil.booleans.Boolean2FloatFunction classReader=false parent=n/a
EAGLER_WASMGC_PHANTOM_ROOT it.unimi.dsi.fastutil.floats.Float2BooleanFunction classReader=false parent=n/a
EAGLER_WASMGC_PHANTOM_ROOT it.unimi.dsi.fastutil.booleans.Boolean2DoubleFunction classReader=false parent=n/a
EAGLER_WASMGC_PHANTOM_ROOT it.unimi.dsi.fastutil.doubles.Double2BooleanFunction classReader=false parent=n/a
EAGLER_WASMGC_PHANTOM_ROOT it.unimi.dsi.fastutil.booleans.Boolean2ObjectFunction classReader=false parent=n/a
EAGLER_WASMGC_PHANTOM_ROOT it.unimi.dsi.fastutil.booleans.Boolean2ReferenceFunction classReader=false parent=n/a
EAGLER_WASMGC_PHANTOM_ROOT it.unimi.dsi.fastutil.objects.Reference2BooleanFunction classReader=false parent=n/a
EAGLER_WASMGC_PHANTOM_ROOT it.unimi.dsi.fastutil.longs.LongBinaryOperator classReader=false parent=n/a
EAGLER_WASMGC_PHANTOM_ROOT it.unimi.dsi.fastutil.doubles.DoubleConsumer classReader=false parent=n/a
EAGLER_WASMGC_PHANTOM_ROOT it.unimi.dsi.fastutil.floats.FloatBinaryOperator classReader=false parent=n/a
EAGLER_WASMGC_PHANTOM_ROOT it.unimi.dsi.fastutil.shorts.Short2ByteFunction classReader=false parent=n/a
EAGLER_WASMGC_PHANTOM_ROOT it.unimi.dsi.fastutil.bytes.Byte2ShortFunction classReader=false parent=n/a
EAGLER_WASMGC_PHANTOM_ROOT it.unimi.dsi.fastutil.shorts.Short2ShortFunction classReader=false parent=n/a
EAGLER_WASMGC_PHANTOM_ROOT it.unimi.dsi.fastutil.shorts.Short2CharFunction classReader=false parent=n/a
EAGLER_WASMGC_PHANTOM_ROOT it.unimi.dsi.fastutil.chars.Char2ShortFunction classReader=false parent=n/a
EAGLER_WASMGC_PHANTOM_ROOT it.unimi.dsi.fastutil.shorts.Short2FloatFunction classReader=false parent=n/a
EAGLER_WASMGC_PHANTOM_ROOT it.unimi.dsi.fastutil.floats.Float2ShortFunction classReader=false parent=n/a
EAGLER_WASMGC_PHANTOM_ROOT it.unimi.dsi.fastutil.shorts.Short2DoubleFunction classReader=false parent=n/a
EAGLER_WASMGC_PHANTOM_ROOT it.unimi.dsi.fastutil.doubles.Double2ShortFunction classReader=false parent=n/a
EAGLER_WASMGC_PHANTOM_ROOT com.mojang.brigadier.AmbiguityConsumer classReader=false parent=n/a
EAGLER_WASMGC_PHANTOM_ROOT it.unimi.dsi.fastutil.booleans.BooleanComparator classReader=false parent=n/a
EAGLER_WASMGC_PHANTOM_ROOT com.mojang.datafixers.optics.profunctors.FunctorProfunctor classReader=false parent=n/a
EAGLER_WASMGC_PHANTOM_ROOT java.text.AttributedCharacterIterator classReader=false parent=n/a
EAGLER_WASMGC_PHANTOM_ROOT com.mojang.serialization.Decoder$Terminal classReader=false parent=n/a
EAGLER_WASMGC_PHANTOM_ROOT com.mojang.serialization.Decoder$Boxed classReader=false parent=n/a
EAGLER_WASMGC_PHANTOM_ROOT com.mojang.serialization.Decoder$Simple classReader=false parent=n/a
EAGLER_WASMGC_PHANTOM_ROOT it.unimi.dsi.fastutil.doubles.DoublePredicate classReader=false parent=n/a
EAGLER_WASMGC_PHANTOM_ROOT it.unimi.dsi.fastutil.floats.FloatUnaryOperator classReader=false parent=n/a
EAGLER_WASMGC_PHANTOM_ROOT java.util.stream.LongStream$LongMapMultiConsumer classReader=false parent=n/a
EAGLER_WASMGC_PHANTOM_ROOT it.unimi.dsi.fastutil.bytes.ByteUnaryOperator classReader=false parent=n/a
EAGLER_WASMGC_PHANTOM_ROOT com.google.common.util.concurrent.AsyncFunction classReader=false parent=n/a
EAGLER_WASMGC_PHANTOM_ROOT com.google.common.util.concurrent.FutureCallback classReader=false parent=n/a
EAGLER_WASMGC_PHANTOM_ROOT it.unimi.dsi.fastutil.bytes.Byte2ByteFunction classReader=false parent=n/a
EAGLER_WASMGC_PHANTOM_ROOT it.unimi.dsi.fastutil.bytes.Byte2CharFunction classReader=false parent=n/a
EAGLER_WASMGC_PHANTOM_ROOT it.unimi.dsi.fastutil.chars.Char2ByteFunction classReader=false parent=n/a
EAGLER_WASMGC_PHANTOM_ROOT it.unimi.dsi.fastutil.bytes.Byte2FloatFunction classReader=false parent=n/a
EAGLER_WASMGC_PHANTOM_ROOT it.unimi.dsi.fastutil.floats.Float2ByteFunction classReader=false parent=n/a
EAGLER_WASMGC_PHANTOM_ROOT it.unimi.dsi.fastutil.bytes.Byte2DoubleFunction classReader=false parent=n/a
EAGLER_WASMGC_PHANTOM_ROOT it.unimi.dsi.fastutil.doubles.Double2ByteFunction classReader=false parent=n/a
EAGLER_WASMGC_PHANTOM_ROOT it.unimi.dsi.fastutil.objects.ObjectByteBiConsumer classReader=false parent=n/a
EAGLER_WASMGC_PHANTOM_ROOT it.unimi.dsi.fastutil.floats.Float2CharFunction classReader=false parent=n/a
EAGLER_WASMGC_PHANTOM_ROOT it.unimi.dsi.fastutil.chars.Char2FloatFunction classReader=false parent=n/a
EAGLER_WASMGC_PHANTOM_ROOT it.unimi.dsi.fastutil.floats.Float2DoubleFunction classReader=false parent=n/a
EAGLER_WASMGC_PHANTOM_ROOT it.unimi.dsi.fastutil.doubles.Double2FloatFunction classReader=false parent=n/a
EAGLER_WASMGC_PHANTOM_ROOT it.unimi.dsi.fastutil.longs.LongFloatBiConsumer classReader=false parent=n/a
EAGLER_WASMGC_PHANTOM_ROOT java.util.function.DoubleBinaryOperator classReader=false parent=n/a
EAGLER_WASMGC_PHANTOM_ROOT com.google.common.hash.Funnel classReader=false parent=n/a
EAGLER_WASMGC_PHANTOM_ROOT io.netty.channel.socket.InternetProtocolFamily classReader=false parent=n/a
EAGLER_WASMGC_PHANTOM_ROOT io.netty.channel.socket.SocketProtocolFamily classReader=false parent=n/a
EAGLER_WASMGC_PHANTOM_ROOT java.nio.channels.ServerSocketChannel classReader=false parent=n/a
EAGLER_WASMGC_PHANTOM_ROOT io.netty.channel.socket.ServerSocketChannelConfig classReader=false parent=n/a
EAGLER_WASMGC_PHANTOM_ROOT io.netty.channel.epoll.LinuxSocket classReader=false parent=n/a
EAGLER_WASMGC_PHANTOM_ROOT io.netty.channel.epoll.EpollServerSocketChannelConfig classReader=false parent=n/a
EAGLER_WASMGC_PHANTOM_ROOT io.netty.channel.epoll.EpollChannelConfig classReader=false parent=n/a
EAGLER_WASMGC_PHANTOM_ROOT io.netty.channel.kqueue.BsdSocket classReader=false parent=n/a
EAGLER_WASMGC_PHANTOM_ROOT io.netty.channel.kqueue.KQueueServerSocketChannelConfig classReader=false parent=n/a
EAGLER_WASMGC_PHANTOM_ROOT io.netty.channel.kqueue.KQueueChannelConfig classReader=false parent=n/a
EAGLER_WASMGC_PHANTOM_ROOT net.minecraft.gametest.framework.GameTestEntityBuilder classReader=false parent=n/a
EAGLER_WASMGC_PHANTOM_ROOT net.minecraft.gametest.framework.GameTestMobBuilder classReader=false parent=n/a
EAGLER_WASMGC_PHANTOM_ROOT java.security.SignatureException classReader=false parent=n/a
EAGLER_WASMGC_PHANTOM_CATCH runtime-instanceof (non-native) for catch type java.security.SignatureException
EAGLER_SPLIT: SPLIT @teavm.initReflection nodes=854331 stmts=14636 -> 85 sub-functions
EAGLER_SPLIT: SKIP net.minecraft.world.item.Items::<clinit> nodes=52739 stmts=4 (has 14 locals)
EAGLER_SPLIT: SKIP net.minecraft.world.level.block.Blocks::<clinit> nodes=77451 stmts=4 (has 10 locals)
EAGLER_SPLIT: SKIP net.minecraft.sounds.SoundEvents::<clinit> nodes=33844 stmts=4 (has 2 locals)
EAGLER_SPLIT: SKIP net.minecraft.world.entity.EntityTypes::<clinit> nodes=20451 stmts=4 (has 10 locals)
EAGLER_SPLIT: SKIP net.minecraft.util.datafix.fixes.BlockStateData::bootstrap3_1 nodes=53457 stmts=4 (has 8 locals)
EAGLER_SPLIT: SKIP net.minecraft.util.datafix.fixes.BlockStateData::bootstrap3_2 nodes=129242 stmts=4 (has 8 locals)
EAGLER_SPLIT: SKIP net.minecraft.util.datafix.fixes.BlockStateData::bootstrap6 nodes=20091 stmts=4 (has 9 locals)
EAGLER_SPLIT: SKIP net.minecraft.util.datafix.fixes.BlockStateData::bootstrap8 nodes=48954 stmts=4 (has 9 locals)
EAGLER_SPLIT: SKIP net.minecraft.util.datafix.fixes.BlockStateData::bootstrapA nodes=38198 stmts=4 (has 7 locals)
EAGLER_SPLIT: SKIP net.minecraft.util.datafix.fixes.BlockStateData::bootstrapC nodes=24576 stmts=4 (has 8 locals)
EAGLER_SPLIT: SPLIT teavm@initializer nodes=756250 stmts=219056 -> 76 sub-functions
INFO: Output file successfully built
INFO: Classes compiled: 29685
INFO: Methods compiled: 168855
